To honour the JVM settings for this build a single-use Daemon process will be forked. For more on this, please refer to https://docs.gradle.org/8.13/userguide/gradle_daemon.html#sec:disabling_the_daemon in the Gradle documentation.
Daemon will be stopped at the end of the build 
Configuration on demand is an incubating feature.
> Task :commonskmm:preBuild UP-TO-DATE
> Task :commons:preBuild UP-TO-DATE
> Task :ui-components:preBuild UP-TO-DATE
> Task :ui-components:preDebugBuild UP-TO-DATE
> Task :commons:preDebugBuild UP-TO-DATE
> Task :commonskmm:preDebugBuild UP-TO-DATE
> Task :aggregates:kmpPartiallyResolvedDependenciesChecker
> Task :aggregates:checkKotlinGradlePluginConfigurationErrors SKIPPED
> Task :commons:generateDebugResValues UP-TO-DATE
> Task :commonskmm:generateDebugResValues UP-TO-DATE
> Task :ui-components:generateDebugResValues UP-TO-DATE
> Task :aggregates:convertXmlValueResourcesForAndroidMain NO-SOURCE
> Task :aggregates:copyNonXmlValueResourcesForAndroidMain NO-SOURCE
> Task :ui-components:generateDebugResources UP-TO-DATE
> Task :aggregates:prepareComposeResourcesTaskForAndroidMain NO-SOURCE
> Task :commonskmm:generateDebugResources UP-TO-DATE
> Task :aggregates:generateResourceAccessorsForAndroidMain NO-SOURCE
> Task :commons:generateDebugResources UP-TO-DATE
> Task :commonskmm:packageDebugResources UP-TO-DATE
> Task :commonskmm:processDebugNavigationResources UP-TO-DATE
> Task :ui-components:packageDebugResources UP-TO-DATE
> Task :ui-components:processDebugNavigationResources UP-TO-DATE
> Task :aggregates:convertXmlValueResourcesForCommonMain UP-TO-DATE
> Task :commons:packageDebugResources UP-TO-DATE
> Task :commons:processDebugNavigationResources UP-TO-DATE
> Task :aggregates:copyNonXmlValueResourcesForCommonMain NO-SOURCE
> Task :aggregates:prepareComposeResourcesTaskForCommonMain UP-TO-DATE
> Task :commons:parseDebugLocalResources UP-TO-DATE
> Task :commonskmm:parseDebugLocalResources UP-TO-DATE
> Task :ui-components:parseDebugLocalResources UP-TO-DATE
> Task :dhis2_android_maps:preBuild UP-TO-DATE
> Task :dhis2_android_maps:preDebugBuild UP-TO-DATE
> Task :aggregates:generateResourceAccessorsForCommonMain UP-TO-DATE
> Task :dhis2_android_maps:generateDebugResValues UP-TO-DATE
> Task :aggregates:generateActualResourceCollectorsForAndroidMain UP-TO-DATE
> Task :dhis2_android_maps:generateDebugResources UP-TO-DATE
> Task :aggregates:generateComposeResClass UP-TO-DATE
> Task :aggregates:preBuild UP-TO-DATE
> Task :aggregates:preDebugBuild UP-TO-DATE
> Task :aggregates:generateDebugResValues UP-TO-DATE
> Task :dhis2_android_maps:packageDebugResources UP-TO-DATE
> Task :aggregates:generateDebugResources UP-TO-DATE
> Task :dhis2_android_maps:processDebugNavigationResources UP-TO-DATE
> Task :aggregates:packageDebugResources UP-TO-DATE
> Task :aggregates:processDebugNavigationResources UP-TO-DATE
> Task :dhis2_android_maps:parseDebugLocalResources UP-TO-DATE
> Task :commons:checkKotlinGradlePluginConfigurationErrors SKIPPED
> Task :aggregates:parseDebugLocalResources UP-TO-DATE
> Task :aggregates:generateExpectResourceCollectorsForCommonMain UP-TO-DATE
> Task :aggregates:convertXmlValueResourcesForAndroidDebug NO-SOURCE
> Task :aggregates:copyNonXmlValueResourcesForAndroidDebug NO-SOURCE
> Task :aggregates:prepareComposeResourcesTaskForAndroidDebug NO-SOURCE
> Task :aggregates:generateResourceAccessorsForAndroidDebug NO-SOURCE
> Task :dhis2_android_maps:checkKotlinGradlePluginConfigurationErrors SKIPPED
> Task :dhis2_android_maps:dataBindingTriggerDebug UP-TO-DATE
> Task :dhis2_android_maps:javaPreCompileDebug UP-TO-DATE
> Task :aggregates:javaPreCompileDebug UP-TO-DATE
> Task :app:checkKotlinGradlePluginConfigurationErrors SKIPPED
> Task :app:preBuild UP-TO-DATE
> Task :app:preDhis2DebugBuild UP-TO-DATE
> Task :dhis_android_analytics:preBuild UP-TO-DATE
> Task :dhis_android_analytics:preDebugBuild UP-TO-DATE
> Task :dhis_android_analytics:generateDebugResValues UP-TO-DATE
> Task :dhis_android_analytics:generateDebugResources UP-TO-DATE
> Task :dhis_android_analytics:packageDebugResources UP-TO-DATE
> Task :compose-table:checkKotlinGradlePluginConfigurationErrors SKIPPED
> Task :compose-table:preBuild UP-TO-DATE
> Task :compose-table:preDebugBuild UP-TO-DATE
> Task :compose-table:generateDebugResValues UP-TO-DATE
> Task :compose-table:generateDebugResources UP-TO-DATE
> Task :compose-table:packageDebugResources UP-TO-DATE
> Task :compose-table:processDebugNavigationResources UP-TO-DATE
> Task :compose-table:parseDebugLocalResources UP-TO-DATE
> Task :commonskmm:generateDebugRFile UP-TO-DATE
> Task :commonskmm:kmpPartiallyResolvedDependenciesChecker
> Task :commonskmm:checkKotlinGradlePluginConfigurationErrors SKIPPED
> Task :commonskmm:convertXmlValueResourcesForAndroidMain NO-SOURCE
> Task :commonskmm:copyNonXmlValueResourcesForAndroidMain NO-SOURCE
> Task :commonskmm:prepareComposeResourcesTaskForAndroidMain NO-SOURCE
> Task :commonskmm:generateResourceAccessorsForAndroidMain NO-SOURCE
> Task :compose-table:generateDebugRFile UP-TO-DATE
> Task :ui-components:generateDebugRFile UP-TO-DATE
> Task :ui-components:checkKotlinGradlePluginConfigurationErrors SKIPPED
> Task :ui-components:compileDebugKotlin NO-SOURCE
> Task :ui-components:javaPreCompileDebug UP-TO-DATE
> Task :ui-components:compileDebugJavaWithJavac NO-SOURCE
> Task :ui-components:bundleLibCompileToJarDebug UP-TO-DATE
> Task :dhis_android_analytics:checkKotlinGradlePluginConfigurationErrors SKIPPED
> Task :dhis_android_analytics:dataBindingTriggerDebug UP-TO-DATE
> Task :dhis_android_analytics:processDebugNavigationResources UP-TO-DATE
> Task :dhis_android_analytics:parseDebugLocalResources UP-TO-DATE
> Task :commonskmm:convertXmlValueResourcesForCommonMain UP-TO-DATE
> Task :dhis2-mobile-program-rules:checkKotlinGradlePluginConfigurationErrors SKIPPED
> Task :dhis2-mobile-program-rules:preBuild UP-TO-DATE
> Task :dhis2-mobile-program-rules:preDebugBuild UP-TO-DATE
> Task :dhis2-mobile-program-rules:generateDebugResValues UP-TO-DATE
> Task :dhis2-mobile-program-rules:generateDebugResources UP-TO-DATE
> Task :dhis2-mobile-program-rules:packageDebugResources UP-TO-DATE
> Task :dhis2-mobile-program-rules:processDebugNavigationResources UP-TO-DATE
> Task :dhis2-mobile-program-rules:parseDebugLocalResources UP-TO-DATE
> Task :commonskmm:copyNonXmlValueResourcesForCommonMain NO-SOURCE
> Task :commonskmm:prepareComposeResourcesTaskForCommonMain UP-TO-DATE
> Task :dhis2-mobile-program-rules:javaPreCompileDebug UP-TO-DATE
> Task :commonskmm:generateResourceAccessorsForCommonMain UP-TO-DATE
> Task :commonskmm:generateActualResourceCollectorsForAndroidMain UP-TO-DATE
> Task :form:checkKotlinGradlePluginConfigurationErrors SKIPPED
> Task :form:preBuild UP-TO-DATE
> Task :form:preDebugBuild UP-TO-DATE
> Task :form:generateDebugResValues UP-TO-DATE
> Task :commonskmm:generateComposeResClass UP-TO-DATE
> Task :form:generateDebugResources UP-TO-DATE
> Task :commonskmm:generateDebugBuildConfig UP-TO-DATE
> Task :commonskmm:generateExpectResourceCollectorsForCommonMain UP-TO-DATE
> Task :commonskmm:convertXmlValueResourcesForAndroidDebug NO-SOURCE
> Task :commonskmm:copyNonXmlValueResourcesForAndroidDebug NO-SOURCE
> Task :commonskmm:prepareComposeResourcesTaskForAndroidDebug NO-SOURCE
> Task :commonskmm:generateResourceAccessorsForAndroidDebug NO-SOURCE
> Task :form:packageDebugResources UP-TO-DATE
> Task :form:dataBindingTriggerDebug UP-TO-DATE
> Task :form:processDebugNavigationResources UP-TO-DATE
> Task :form:parseDebugLocalResources UP-TO-DATE
> Task :form:javaPreCompileDebug UP-TO-DATE
> Task :dhis_android_analytics:javaPreCompileDebug UP-TO-DATE
> Task :stock-usecase:checkKotlinGradlePluginConfigurationErrors SKIPPED
> Task :stock-usecase:preBuild UP-TO-DATE
> Task :stock-usecase:preDebugBuild UP-TO-DATE
> Task :stock-usecase:generateDebugResValues UP-TO-DATE
> Task :stock-usecase:generateDebugResources UP-TO-DATE
> Task :stock-usecase:packageDebugResources UP-TO-DATE
> Task :stock-usecase:dataBindingTriggerDebug UP-TO-DATE
> Task :stock-usecase:processDebugNavigationResources UP-TO-DATE
> Task :stock-usecase:parseDebugLocalResources UP-TO-DATE
> Task :commonskmm:compileDebugKotlinAndroid UP-TO-DATE
> Task :commonskmm:javaPreCompileDebug UP-TO-DATE
> Task :commonskmm:compileDebugJavaWithJavac UP-TO-DATE
> Task :commonskmm:bundleLibCompileToJarDebug UP-TO-DATE
> Task :app:generateDhis2DebugResValues UP-TO-DATE
> Task :app:generateDhis2DebugResources UP-TO-DATE
> Task :login:preBuild UP-TO-DATE
> Task :login:preDhis2DebugBuild UP-TO-DATE
> Task :login:generateDhis2DebugResValues UP-TO-DATE
> Task :login:generateDhis2DebugResources UP-TO-DATE
> Task :stock-usecase:javaPreCompileDebug UP-TO-DATE
> Task :tracker:preBuild UP-TO-DATE
> Task :tracker:preDebugBuild UP-TO-DATE
> Task :tracker:generateDebugResValues UP-TO-DATE
> Task :tracker:generateDebugResources UP-TO-DATE
> Task :compose-table:compileDebugKotlin UP-TO-DATE
> Task :compose-table:javaPreCompileDebug UP-TO-DATE
> Task :compose-table:compileDebugJavaWithJavac NO-SOURCE
> Task :login:packageDhis2DebugResources UP-TO-DATE
> Task :tracker:packageDebugResources UP-TO-DATE
> Task :compose-table:bundleLibCompileToJarDebug UP-TO-DATE
> Task :app:dataBindingTriggerDhis2Debug UP-TO-DATE
> Task :aggregates:compileDebugLibraryResources UP-TO-DATE
> Task :commons:dataBindingMergeDependencyArtifactsDebug UP-TO-DATE
> Task :aggregates:writeDebugAarMetadata UP-TO-DATE
> Task :compose-table:writeDebugAarMetadata UP-TO-DATE
> Task :commonskmm:writeDebugAarMetadata UP-TO-DATE
> Task :dhis2-mobile-program-rules:writeDebugAarMetadata UP-TO-DATE
> Task :dhis_android_analytics:writeDebugAarMetadata UP-TO-DATE
> Task :dhis2_android_maps:writeDebugAarMetadata UP-TO-DATE
> Task :commons:generateDebugRFile UP-TO-DATE
> Task :login:writeDhis2DebugAarMetadata UP-TO-DATE
> Task :form:writeDebugAarMetadata UP-TO-DATE
> Task :commons:dataBindingGenBaseClassesDebug UP-TO-DATE
> Task :commons:dataBindingTriggerDebug UP-TO-DATE
> Task :dhis_android_analytics:generateDebugRFile UP-TO-DATE
> Task :dhis2_android_maps:generateDebugRFile UP-TO-DATE
> Task :dhis2-mobile-program-rules:generateDebugRFile UP-TO-DATE
> Task :form:generateDebugRFile UP-TO-DATE
> Task :app:mergeDhis2DebugResources UP-TO-DATE
> Task :aggregates:generateDebugRFile UP-TO-DATE
> Task :tracker:writeDebugAarMetadata UP-TO-DATE
> Task :commons:kspDebugKotlin UP-TO-DATE
> Task :ui-components:writeDebugAarMetadata UP-TO-DATE
> Task :login:processDhis2DebugNavigationResources UP-TO-DATE
> Task :tracker:processDebugNavigationResources UP-TO-DATE
> Task :aggregates:extractDeepLinksDebug UP-TO-DATE
> Task :aggregates:processDebugManifest UP-TO-DATE
> Task :stock-usecase:generateDebugRFile UP-TO-DATE
> Task :commonskmm:extractDeepLinksDebug UP-TO-DATE
> Task :commonskmm:processDebugManifest UP-TO-DATE
> Task :compose-table:extractDeepLinksDebug UP-TO-DATE
> Task :compose-table:processDebugManifest UP-TO-DATE
> Task :dhis2-mobile-program-rules:extractDeepLinksDebug UP-TO-DATE
> Task :stock-usecase:writeDebugAarMetadata UP-TO-DATE
> Task :dhis2_android_maps:extractDeepLinksDebug UP-TO-DATE
> Task :dhis2-mobile-program-rules:processDebugManifest UP-TO-DATE
> Task :dhis_android_analytics:extractDeepLinksDebug UP-TO-DATE
> Task :dhis_android_analytics:processDebugManifest UP-TO-DATE
> Task :dhis2_android_maps:processDebugManifest UP-TO-DATE
> Task :login:extractDeepLinksDhis2Debug UP-TO-DATE
> Task :form:extractDeepLinksDebug UP-TO-DATE
> Task :form:processDebugManifest UP-TO-DATE
> Task :stock-usecase:extractDeepLinksDebug UP-TO-DATE
> Task :stock-usecase:processDebugManifest UP-TO-DATE
> Task :tracker:extractDeepLinksDebug UP-TO-DATE
> Task :login:processDhis2DebugManifest UP-TO-DATE
> Task :ui-components:extractDeepLinksDebug UP-TO-DATE
> Task :tracker:processDebugManifest UP-TO-DATE
> Task :commonskmm:compileDebugLibraryResources UP-TO-DATE
> Task :ui-components:processDebugManifest UP-TO-DATE
> Task :compose-table:compileDebugLibraryResources UP-TO-DATE
> Task :dhis2-mobile-program-rules:compileDebugLibraryResources UP-TO-DATE
> Task :dhis_android_analytics:compileDebugLibraryResources UP-TO-DATE
> Task :form:compileDebugLibraryResources UP-TO-DATE
> Task :login:compileDhis2DebugLibraryResources UP-TO-DATE
> Task :dhis2_android_maps:compileDebugLibraryResources UP-TO-DATE
> Task :stock-usecase:compileDebugLibraryResources UP-TO-DATE
> Task :tracker:compileDebugLibraryResources UP-TO-DATE
> Task :tracker:parseDebugLocalResources UP-TO-DATE
> Task :login:parseDhis2DebugLocalResources UP-TO-DATE
> Task :app:generateDhis2DebugBuildConfig
> Task :tracker:generateDebugRFile UP-TO-DATE
> Task :ui-components:compileDebugLibraryResources UP-TO-DATE
> Task :tracker:kmpPartiallyResolvedDependenciesChecker
> Task :tracker:checkKotlinGradlePluginConfigurationErrors SKIPPED
> Task :tracker:convertXmlValueResourcesForAndroidMain NO-SOURCE
> Task :tracker:copyNonXmlValueResourcesForAndroidMain NO-SOURCE
> Task :tracker:prepareComposeResourcesTaskForAndroidMain NO-SOURCE
> Task :tracker:generateResourceAccessorsForAndroidMain NO-SOURCE
> Task :tracker:convertXmlValueResourcesForCommonMain UP-TO-DATE
> Task :login:generateDhis2DebugRFile UP-TO-DATE
> Task :login:kmpPartiallyResolvedDependenciesChecker
> Task :login:checkKotlinGradlePluginConfigurationErrors SKIPPED
> Task :login:convertXmlValueResourcesForAndroidMain NO-SOURCE
> Task :login:copyNonXmlValueResourcesForAndroidMain NO-SOURCE
> Task :login:prepareComposeResourcesTaskForAndroidMain NO-SOURCE
> Task :login:generateResourceAccessorsForAndroidMain NO-SOURCE
> Task :tracker:copyNonXmlValueResourcesForCommonMain UP-TO-DATE
> Task :tracker:prepareComposeResourcesTaskForCommonMain UP-TO-DATE
> Task :tracker:generateResourceAccessorsForCommonMain UP-TO-DATE
> Task :tracker:generateActualResourceCollectorsForAndroidMain UP-TO-DATE
> Task :tracker:generateComposeResClass UP-TO-DATE
> Task :tracker:generateExpectResourceCollectorsForCommonMain UP-TO-DATE
> Task :tracker:convertXmlValueResourcesForAndroidDebug NO-SOURCE
> Task :tracker:copyNonXmlValueResourcesForAndroidDebug NO-SOURCE
> Task :tracker:prepareComposeResourcesTaskForAndroidDebug NO-SOURCE
> Task :tracker:generateResourceAccessorsForAndroidDebug NO-SOURCE
> Task :tracker:javaPreCompileDebug UP-TO-DATE
> Task :login:convertXmlValueResourcesForCommonMain UP-TO-DATE
> Task :login:copyNonXmlValueResourcesForCommonMain UP-TO-DATE
> Task :login:prepareComposeResourcesTaskForCommonMain UP-TO-DATE
> Task :login:generateResourceAccessorsForCommonMain UP-TO-DATE
> Task :app:processDhis2DebugNavigationResources UP-TO-DATE
> Task :commons:kaptGenerateStubsDebugKotlin UP-TO-DATE
> Task :login:generateActualResourceCollectorsForAndroidMain UP-TO-DATE
> Task :login:generateComposeResClass UP-TO-DATE
> Task :login:generateDhis2DebugBuildConfig UP-TO-DATE
> Task :login:generateExpectResourceCollectorsForCommonMain UP-TO-DATE
> Task :login:convertXmlValueResourcesForAndroidDebug NO-SOURCE
> Task :login:copyNonXmlValueResourcesForAndroidDebug NO-SOURCE
> Task :login:prepareComposeResourcesTaskForAndroidDebug NO-SOURCE
> Task :login:generateResourceAccessorsForAndroidDebug NO-SOURCE
> Task :login:convertXmlValueResourcesForAndroidDhis2 NO-SOURCE
> Task :login:copyNonXmlValueResourcesForAndroidDhis2 NO-SOURCE
> Task :login:prepareComposeResourcesTaskForAndroidDhis2 NO-SOURCE
> Task :login:generateResourceAccessorsForAndroidDhis2 NO-SOURCE
> Task :login:convertXmlValueResourcesForAndroidDhis2Debug NO-SOURCE
> Task :app:compileDhis2DebugNavigationResources UP-TO-DATE
> Task :login:copyNonXmlValueResourcesForAndroidDhis2Debug NO-SOURCE
> Task :login:prepareComposeResourcesTaskForAndroidDhis2Debug NO-SOURCE
> Task :login:generateResourceAccessorsForAndroidDhis2Debug NO-SOURCE
> Task :app:mapDhis2DebugSourceSetPaths UP-TO-DATE
> Task :app:createDhis2DebugCompatibleScreenManifests UP-TO-DATE
> Task :app:extractDeepLinksDhis2Debug UP-TO-DATE
> Task :login:compileDhis2DebugKotlinAndroid UP-TO-DATE
> Task :login:javaPreCompileDhis2Debug UP-TO-DATE
> Task :login:compileDhis2DebugJavaWithJavac UP-TO-DATE
> Task :login:bundleLibCompileToJarDhis2Debug UP-TO-DATE
> Task :commons:kaptDebugKotlin UP-TO-DATE
> Task :dhis2_android_maps:dataBindingMergeDependencyArtifactsDebug UP-TO-DATE
> Task :dhis_android_analytics:dataBindingMergeDependencyArtifactsDebug UP-TO-DATE
> Task :dhis_android_analytics:dataBindingGenBaseClassesDebug UP-TO-DATE
> Task :dhis2_android_maps:dataBindingGenBaseClassesDebug UP-TO-DATE
> Task :commons:compileDebugKotlin UP-TO-DATE
> Task :commons:javaPreCompileDebug UP-TO-DATE
> Task :commons:compileDebugJavaWithJavac UP-TO-DATE
> Task :commons:bundleLibCompileToJarDebug UP-TO-DATE
> Task :dhis2_android_maps:kspDebugKotlin SKIPPED
> Task :commons:writeDebugAarMetadata UP-TO-DATE
> Task :dhis2-mobile-program-rules:compileDebugKotlin UP-TO-DATE
> Task :dhis2-mobile-program-rules:compileDebugJavaWithJavac NO-SOURCE
> Task :dhis2-mobile-program-rules:bundleLibCompileToJarDebug UP-TO-DATE
> Task :commons:extractDeepLinksDebug UP-TO-DATE
> Task :commons:processDebugManifest UP-TO-DATE
> Task :commons:compileDebugLibraryResources UP-TO-DATE
> Task :dhis_android_analytics:kspDebugKotlin UP-TO-DATE
> Task :app:checkDhis2DebugAarMetadata UP-TO-DATE
> Task :dhis2_android_maps:compileDebugKotlin UP-TO-DATE
> Task :dhis2_android_maps:compileDebugJavaWithJavac UP-TO-DATE
> Task :dhis2_android_maps:bundleLibCompileToJarDebug UP-TO-DATE
> Task :form:dataBindingMergeDependencyArtifactsDebug UP-TO-DATE
> Task :form:dataBindingGenBaseClassesDebug UP-TO-DATE
> Task :form:kspDebugKotlin SKIPPED
> Task :app:processDhis2DebugMainManifest UP-TO-DATE
> Task :app:dhis2DebugSentryGenerateIntegrationListTask UP-TO-DATE
> Task :app:processDhis2DebugManifest UP-TO-DATE
> Task :app:processDhis2DebugManifestForPackage UP-TO-DATE
> Task :dhis_android_analytics:kaptGenerateStubsDebugKotlin UP-TO-DATE
> Task :dhis_android_analytics:kaptDebugKotlin UP-TO-DATE
> Task :app:processDhis2DebugResources UP-TO-DATE
> Task :stock-usecase:dataBindingMergeDependencyArtifactsDebug UP-TO-DATE
> Task :stock-usecase:dataBindingGenBaseClassesDebug UP-TO-DATE
> Task :aggregates:compileDebugKotlinAndroid FROM-CACHE
> Task :aggregates:compileDebugJavaWithJavac NO-SOURCE
> Task :aggregates:bundleLibCompileToJarDebug UP-TO-DATE
> Task :dhis_android_analytics:compileDebugKotlin FROM-CACHE
> Task :dhis_android_analytics:compileDebugJavaWithJavac UP-TO-DATE
> Task :dhis_android_analytics:bundleLibCompileToJarDebug UP-TO-DATE
> Task :stock-usecase:compileDebugKotlin UP-TO-DATE
> Task :stock-usecase:compileDebugJavaWithJavac UP-TO-DATE
> Task :stock-usecase:bundleLibCompileToJarDebug UP-TO-DATE
> Task :form:compileDebugKotlin FROM-CACHE
> Task :form:compileDebugJavaWithJavac UP-TO-DATE
> Task :form:bundleLibCompileToJarDebug UP-TO-DATE
> Task :app:dataBindingMergeDependencyArtifactsDhis2Debug UP-TO-DATE
> Task :app:dataBindingGenBaseClassesDhis2Debug UP-TO-DATE

> Task :tracker:compileDebugKotlinAndroid
w: file:///C:/Users/Client/AndroidStudioProjects/DHIS2-iCHIS-CUSTOMIZED-APPLICATION/tracker/src/androidMain/kotlin/org/dhis2/tracker/relationships/ui/RelationshipsViewModel.kt:147:34 'fun getErrorMessage(throwable: Throwable): String?' is deprecated. Use getErrorMessage instead.

> Task :tracker:compileDebugJavaWithJavac NO-SOURCE
> Task :tracker:bundleLibCompileToJarDebug UP-TO-DATE
> Task :app:kspDhis2DebugKotlin
> Task :app:kaptGenerateStubsDhis2DebugKotlin
> Task :app:kaptDhis2DebugKotlin

./gradlew : The message received from the daemon 
indicates that the daemon has disappeared.
At line:1 char:1
+ ./gradlew :app:compileDhis2DebugKotlin --no-daemon > 
build_output.txt ...
+ ~~~~~~~~~~~~~~~~~~~~~~~~~~~~~~~~~~~~~~~~~~~~~~~~~~~~~~~~
~~~~~~~~~~~~~
    + CategoryInfo          : NotSpecified: (The message  
   rec...as disappeared.:String) [], RemoteException
    + FullyQualifiedErrorId : NativeCommandError
 
Build request sent: 
Build{id=da1d7ef9-3554-4b3c-b376-9f0a5326f2a6, currentDir=
C:\Users\Client\AndroidStudioProjects\DHIS2-iCHIS-CUSTOMIZ
ED-APPLICATION}
Attempting to read last messages from the daemon log...
Daemon pid: 6996
  log file: 
C:\Users\Client\.gradle\daemon\8.13\daemon-6996.out.log
----- Last 20 lines from daemon log file - 
daemon-6996.out.log -----
2026-05-13T02:16:46.449+0200 [INFO] 
[org.gradle.launcher.daemon.server.DaemonRegistryUpdater] 
Marking the daemon as busy, address: 
[23296c36-e74b-4df9-bc7c-4ee6852dcbc8 port:55960, 
addresses:[localhost/127.0.0.1]]
2026-05-13T02:16:46.450+0200 [DEBUG] [org.gradle.launcher.
daemon.registry.PersistentDaemonRegistry] Marking busy by 
address: [23296c36-e74b-4df9-bc7c-4ee6852dcbc8 
port:55960, addresses:[localhost/127.0.0.1]]
2026-05-13T02:16:46.453+0200 [DEBUG] 
[org.gradle.cache.internal.DefaultFileLockManager] 
Waiting to acquire exclusive lock on daemon addresses 
registry.
2026-05-13T02:16:46.455+0200 [DEBUG] 
[org.gradle.cache.internal.DefaultFileLockManager] Lock 
acquired on daemon addresses registry.
2026-05-13T02:16:46.457+0200 [DEBUG] 
[org.gradle.cache.internal.DefaultFileLockManager] 
Releasing lock on daemon addresses registry.
2026-05-13T02:16:46.458+0200 [DEBUG] [org.gradle.launcher.
daemon.server.DaemonStateCoordinator] resetting idle timer
2026-05-13T02:16:46.459+0200 [DEBUG] [org.gradle.launcher.
daemon.server.DaemonStateCoordinator] daemon is running. 
Sleeping until state changes.
2026-05-13T02:16:46.460+0200 [INFO] [org.gradle.launcher.d
aemon.server.exec.StartBuildOrRespondWithBusy] Daemon is 
about to start building 
Build{id=da1d7ef9-3554-4b3c-b376-9f0a5326f2a6, currentDir=
C:\Users\Client\AndroidStudioProjects\DHIS2-iCHIS-CUSTOMIZ
ED-APPLICATION}. Dispatching build started information...
2026-05-13T02:16:46.460+0200 [DEBUG] [org.gradle.launcher.
daemon.server.SynchronizedDispatchConnection] thread 32: 
dispatching 
org.gradle.launcher.daemon.protocol.BuildStarted@124ca831
2026-05-13T02:16:46.467+0200 [DEBUG] [org.gradle.launcher.
daemon.server.exec.EstablishBuildEnvironment] Configuring 
env variables: [USERDOMAIN_ROAMINGPROFILE, 
PROCESSOR_LEVEL, GIT_PAGER, SESSIONNAME, ALLUSERSPROFILE, 
INTEL_DEV_REDIST, PROCESSOR_ARCHITECTURE, 
MIC_LD_LIBRARY_PATH, VSCODE_GIT_IPC_HANDLE, PSModulePath, 
SystemDrive, =ExitCode, PT8HOME, GH_PAGER, 
VSCODE_INJECTION, COLORTERM, DIRNAME, USERNAME, 
PROMPT_COMMAND, VSCODE_GIT_ASKPASS_NODE, 
TERM_PROGRAM_VERSION, CMD_LINE_ARGS, ProgramFiles(x86), 
GIT_ASKPASS, CHROME_CRASHPAD_PIPE_NAME, VSCODE_STABLE, 
FPS_BROWSER_USER_PROFILE_STRING, APP_HOME, 
Q_TERM_DISABLED, PATHEXT, DriverData, PAGER, BAT_PAGER, 
VSCODE_A11Y_MODE, SYSTEMD_PAGER, ProgramData, 
ProgramW6432, HOMEPATH, PROCESSOR_IDENTIFIER, 
ProgramFiles, PUBLIC, windir, _SKIP, LOCALAPPDATA, 
USERDOMAIN, FPS_BROWSER_APP_PROFILE_STRING, LOGONSERVER, 
PROMPT, LANG, VSCODE_GIT_ASKPASS_MAIN, OneDrive, =C:, 
APPDATA, JAVA_EXE, VSCODE_GIT_ASKPASS_EXTRA_ARGS, 
VBOX_MSI_INSTALL_PATH, CommonProgramFiles, Path, OS, 
TERM_PROGRAM, COMPUTERNAME, MANPAGER, DELTA_PAGER, 
PROCESSOR_REVISION, AWS_PAGER, CLASSPATH, 
CommonProgramW6432, ComSpec, VSCODE_NONCE, APP_BASE_NAME, 
VTE_VERSION, SystemRoot, TEMP, HOMEDRIVE, USERPROFILE, 
TMP, CommonProgramFiles(x86), NUMBER_OF_PROCESSORS]
2026-05-13T02:16:46.478+0200 [DEBUG] 
[org.gradle.launcher.daemon.server.exec.LogToClient] 
About to start relaying all logs to the client via the 
connection.
2026-05-13T02:16:46.478+0200 [INFO] 
[org.gradle.launcher.daemon.server.exec.LogToClient] The 
client will now receive all logging from the daemon (pid: 
6996). The daemon log file: 
C:\Users\Client\.gradle\daemon\8.13\daemon-6996.out.log
2026-05-13T02:16:46.482+0200 [DEBUG] [org.gradle.launcher.
daemon.server.exec.RequestStopIfSingleUsedDaemon] 
Requesting daemon stop after processing 
Build{id=da1d7ef9-3554-4b3c-b376-9f0a5326f2a6, currentDir=
C:\Users\Client\AndroidStudioProjects\DHIS2-iCHIS-CUSTOMIZ
ED-APPLICATION}
2026-05-13T02:16:46.483+0200 [LIFECYCLE] [org.gradle.launc
her.daemon.server.DaemonStateCoordinator] Daemon will be 
stopped at the end of the build 
2026-05-13T02:16:46.483+0200 [DEBUG] [org.gradle.launcher.
daemon.server.DaemonStateCoordinator] Stop as soon as 
idle requested. The daemon is busy
2026-05-13T02:16:46.484+0200 [DEBUG] [org.gradle.launcher.
daemon.server.DaemonStateCoordinator] daemon stop has 
been requested. Sleeping until state changes.
2026-05-13T02:16:46.486+0200 [DEBUG] 
[org.gradle.launcher.daemon.server.exec.ExecuteBuild] The 
daemon has started executing the build.
2026-05-13T02:16:46.486+0200 [DEBUG] 
[org.gradle.launcher.daemon.server.exec.ExecuteBuild] 
Executing build with daemon context: DefaultDaemonContext[
uid=97dba539-5591-4f7c-aa47-5c6a667ccde3,javaHome=C:\Progr
am Files\Java\jdk-21,javaVersion=21,javaVendor=Oracle Corp
oration,daemonRegistryDir=C:\Users\Client\.gradle\daemon,p
id=6996,idleTimeout=120000,priority=NORMAL,applyInstrument
ationAgent=true,nativeServicesMode=ENABLED,daemonOpts=-XX:
+HeapDumpOnOutOfMemoryError,-Xmx4096M,-Dfile.encoding=UTF-
8,-Duser.country=US,-Duser.language=en,-Duser.variant]
Configuration on demand is an incubating feature.
w: file:///C:/Users/Client/AndroidStudioProjects/DHIS2-iCH
IS-CUSTOMIZED-APPLICATION/tracker/src/androidMain/kotlin/o
rg/dhis2/tracker/relationships/ui/RelationshipsViewModel.k
t:147:34 'fun getErrorMessage(throwable: Throwable): 
String?' is deprecated. Use getErrorMessage instead.----- 
End of the daemon log -----

JVM crash log found: file:///C:/Users/Client/AndroidStudio
Projects/DHIS2-iCHIS-CUSTOMIZED-APPLICATION/hs_err_pid6996
.log

FAILURE: Build failed with an exception.

* What went wrong:
Gradle build daemon disappeared unexpectedly (it may have 
been killed or may have crashed)

* Try:
> Run with --stacktrace option to get the stack trace.
> Run with --info or --debug option to get more log 
output.
> Run with --scan to get full insights.
> Get more help at https://help.gradle.org.
